<?xml version="1.0" encoding="utf-8" ?>
<!DOCTYPE html PUBLIC "-//W3C//DTD XHTML 1.0 Strict//EN" "http://www.w3.org/TR/xhtml1/DTD/xhtml1-strict.dtd">
<html>
    <head>
        <title>B</title>
        <style>h1{
  color: #ff0000;
  text-align: center;
}

img {
  border: 1px solid red;
}</style>
        <script text="text/javascript">(function(){ /* Any JS file */ })();</script>
    </head>
    <body>
        B
    </body>
</html>
