<!DOCTYPE html>
<html>
    <head>
        <title>static inline</title>
    </head>
    <body>
        <h1>Hello World</h1>
        <p>A template could be loaded and injected here.</p>

    </body>
</html>
